\BOOKMARK [1][-]{section.1}{\376\377\117\233\165\065\165\065\215\357}{}% 1
\BOOKMARK [2][-]{subsection.1.1}{\376\377\230\230\166\356\221\315\217\360}{section.1}% 2
\BOOKMARK [2][-]{subsection.1.2}{\376\377\230\230\166\356\122\006\147\220\116\016\133\236\145\275\145\271\150\110}{section.1}% 3
\BOOKMARK [3][-]{subsubsection.1.2.1}{\376\377\173\054\116\000\225\356}{subsection.1.2}% 4
\BOOKMARK [3][-]{subsubsection.1.2.2}{\376\377\173\054\116\214\225\356}{subsection.1.2}% 5
\BOOKMARK [3][-]{subsubsection.1.2.3}{\376\377\173\054\116\011\225\356}{subsection.1.2}% 6
\BOOKMARK [2][-]{subsection.1.3}{\376\377\164\006\213\272\122\006\147\220\116\016\116\377\167\037}{section.1}% 7
\BOOKMARK [3][-]{subsubsection.1.3.1}{\376\377\173\054\116\000\225\356}{subsection.1.3}% 8
\BOOKMARK [2][-]{subsection.1.4}{\376\377\133\236\226\105\165\065\215\357\155\113\213\325\176\323\147\234\116\016\145\160\143\156\122\006\147\220}{section.1}% 9
\BOOKMARK [3][-]{subsubsection.1.4.1}{\376\377\173\054\116\214\225\356}{subsection.1.4}% 10
\BOOKMARK [3][-]{subsubsection.1.4.2}{\376\377\173\054\116\011\225\356}{subsection.1.4}% 11
\BOOKMARK [2][-]{subsection.1.5}{\376\377\176\323\213\272\116\016\145\066\203\267}{section.1}% 12
\BOOKMARK [1][-]{section.2}{\376\377\165\065\123\213\215\337\226\217\126\150}{}% 13
\BOOKMARK [2][-]{subsection.2.1}{\376\377\230\230\166\356\221\315\217\360}{section.2}% 14
\BOOKMARK [2][-]{subsection.2.2}{\376\377\230\230\166\356\122\006\147\220\116\016\133\236\145\275\145\271\150\110}{section.2}% 15
\BOOKMARK [3][-]{subsubsection.2.2.1}{\376\377\173\054\116\000\225\356}{subsection.2.2}% 16
\BOOKMARK [3][-]{subsubsection.2.2.2}{\376\377\173\054\116\214\225\356}{subsection.2.2}% 17
\BOOKMARK [3][-]{subsubsection.2.2.3}{\376\377\173\054\116\011\225\356}{subsection.2.2}% 18
\BOOKMARK [2][-]{subsection.2.3}{\376\377\164\006\213\272\122\006\147\220\116\016\116\377\167\037}{section.2}% 19
\BOOKMARK [3][-]{subsubsection.2.3.1}{\376\377\173\054\116\000\225\356}{subsection.2.3}% 20
\BOOKMARK [2][-]{subsection.2.4}{\376\377\133\236\226\105\165\065\215\357\155\113\213\325\176\323\147\234\116\016\145\160\143\156\122\006\147\220}{section.2}% 21
\BOOKMARK [3][-]{subsubsection.2.4.1}{\376\377\173\054\116\214\225\356}{subsection.2.4}% 22
\BOOKMARK [3][-]{subsubsection.2.4.2}{\376\377\173\054\116\011\225\356}{subsection.2.4}% 23
\BOOKMARK [2][-]{subsection.2.5}{\376\377\176\323\213\272\116\016\145\066\203\267}{section.2}% 24
\BOOKMARK [1][-]{section.3}{\376\377\124\014\166\370\145\076\131\047\165\065\215\357}{}% 25
\BOOKMARK [2][-]{subsection.3.1}{\376\377\230\230\166\356\221\315\217\360}{section.3}% 26
\BOOKMARK [2][-]{subsection.3.2}{\376\377\230\230\166\356\122\006\147\220\116\016\133\236\145\275\145\271\150\110}{section.3}% 27
\BOOKMARK [3][-]{subsubsection.3.2.1}{\376\377\173\054\116\000\225\356}{subsection.3.2}% 28
\BOOKMARK [3][-]{subsubsection.3.2.2}{\376\377\173\054\116\214\225\356}{subsection.3.2}% 29
\BOOKMARK [3][-]{subsubsection.3.2.3}{\376\377\173\054\116\011\225\356}{subsection.3.2}% 30
\BOOKMARK [3][-]{subsubsection.3.2.4}{\376\377\173\054\126\333\225\356}{subsection.3.2}% 31
\BOOKMARK [3][-]{subsubsection.3.2.5}{\376\377\173\054\116\224\225\356}{subsection.3.2}% 32
\BOOKMARK [2][-]{subsection.3.3}{\376\377\164\006\213\272\122\006\147\220\116\016\116\377\167\037}{section.3}% 33
\BOOKMARK [3][-]{subsubsection.3.3.1}{\376\377\173\054\116\000\225\356}{subsection.3.3}% 34
\BOOKMARK [3][-]{subsubsection.3.3.2}{\376\377\173\054\116\011\225\356}{subsection.3.3}% 35
\BOOKMARK [2][-]{subsection.3.4}{\376\377\133\236\226\105\165\065\215\357\155\113\213\325\176\323\147\234\116\016\145\160\143\156\122\006\147\220}{section.3}% 36
\BOOKMARK [3][-]{subsubsection.3.4.1}{\376\377\173\054\116\214\225\356}{subsection.3.4}% 37
\BOOKMARK [3][-]{subsubsection.3.4.2}{\376\377\173\054\116\011\225\356}{subsection.3.4}% 38
\BOOKMARK [3][-]{subsubsection.3.4.3}{\376\377\173\054\126\333\225\356}{subsection.3.4}% 39
\BOOKMARK [3][-]{subsubsection.3.4.4}{\376\377\173\054\116\224\225\356}{subsection.3.4}% 40
\BOOKMARK [2][-]{subsection.3.5}{\376\377\176\323\213\272\116\016\145\066\203\267}{section.3}% 41
\BOOKMARK [3][-]{subsubsection.3.5.1}{\376\377\176\323\213\272}{subsection.3.5}% 42
\BOOKMARK [3][-]{subsubsection.3.5.2}{\376\377\134\017\176\304\142\020\124\130\145\066\203\267}{subsection.3.5}% 43
\BOOKMARK [1][-]{section.4}{\376\377\123\315\166\370\145\076\131\047\165\065\215\357}{}% 44
\BOOKMARK [2][-]{subsection.4.1}{\376\377\230\230\166\356\221\315\217\360}{section.4}% 45
\BOOKMARK [2][-]{subsection.4.2}{\376\377\230\230\166\356\122\006\147\220\116\016\133\236\145\275\145\271\150\110}{section.4}% 46
\BOOKMARK [3][-]{subsubsection.4.2.1}{\376\377\173\054\116\000\225\356}{subsection.4.2}% 47
\BOOKMARK [3][-]{subsubsection.4.2.2}{\376\377\173\054\116\214\225\356}{subsection.4.2}% 48
\BOOKMARK [3][-]{subsubsection.4.2.3}{\376\377\173\054\116\011\225\356}{subsection.4.2}% 49
\BOOKMARK [3][-]{subsubsection.4.2.4}{\376\377\173\054\126\333\225\356}{subsection.4.2}% 50
\BOOKMARK [2][-]{subsection.4.3}{\376\377\164\006\213\272\122\006\147\220\116\016\116\377\167\037}{section.4}% 51
\BOOKMARK [3][-]{subsubsection.4.3.1}{\376\377\173\054\116\000\225\356}{subsection.4.3}% 52
\BOOKMARK [3][-]{subsubsection.4.3.2}{\376\377\173\054\116\011\225\356}{subsection.4.3}% 53
\BOOKMARK [2][-]{subsection.4.4}{\376\377\133\236\226\105\165\065\215\357\155\113\213\325\176\323\147\234\116\016\145\160\143\156\122\006\147\220}{section.4}% 54
\BOOKMARK [3][-]{subsubsection.4.4.1}{\376\377\173\054\116\214\225\356}{subsection.4.4}% 55
\BOOKMARK [3][-]{subsubsection.4.4.2}{\376\377\173\054\126\333\225\356}{subsection.4.4}% 56
\BOOKMARK [2][-]{subsection.4.5}{\376\377\176\323\213\272\116\016\145\066\203\267}{section.4}% 57
\BOOKMARK [3][-]{subsubsection.4.5.1}{\376\377\176\323\213\272}{subsection.4.5}% 58
\BOOKMARK [3][-]{subsubsection.4.5.2}{\376\377\134\017\176\304\142\020\124\130\145\066\203\267}{subsection.4.5}% 59
\BOOKMARK [1][-]{section.5}{\376\377\000V\000/\000I\217\154\143\142\126\150\060\001\000I\000/\000V\217\154\143\142\126\150\124\214\165\065\155\101\145\076\131\047\126\150}{}% 60
\BOOKMARK [2][-]{subsection.5.1}{\376\377\230\230\166\356\221\315\217\360}{section.5}% 61
\BOOKMARK [2][-]{subsection.5.2}{\376\377\230\230\166\356\122\006\147\220\116\016\133\236\145\275\145\271\150\110}{section.5}% 62
\BOOKMARK [3][-]{subsubsection.5.2.1}{\376\377\173\054\116\000\225\356}{subsection.5.2}% 63
\BOOKMARK [3][-]{subsubsection.5.2.2}{\376\377\173\054\116\214\225\356}{subsection.5.2}% 64
\BOOKMARK [3][-]{subsubsection.5.2.3}{\376\377\173\054\116\011\225\356}{subsection.5.2}% 65
\BOOKMARK [2][-]{subsection.5.3}{\376\377\164\006\213\272\122\006\147\220\116\016\116\377\167\037}{section.5}% 66
\BOOKMARK [3][-]{subsubsection.5.3.1}{\376\377\173\054\116\000\225\356}{subsection.5.3}% 67
\BOOKMARK [3][-]{subsubsection.5.3.2}{\376\377\173\054\116\214\225\356}{subsection.5.3}% 68
\BOOKMARK [3][-]{subsubsection.5.3.3}{\376\377\173\054\116\011\225\356}{subsection.5.3}% 69
\BOOKMARK [2][-]{subsection.5.4}{\376\377\176\323\213\272\116\016\145\066\203\267}{section.5}% 70
\BOOKMARK [3][-]{subsubsection.5.4.1}{\376\377\176\323\213\272}{subsection.5.4}% 71
\BOOKMARK [3][-]{subsubsection.5.4.2}{\376\377\145\066\203\267}{subsection.5.4}% 72
\BOOKMARK [1][-]{section.6}{\376\377\122\240\154\325\126\150\165\065\215\357}{}% 73
\BOOKMARK [2][-]{subsection.6.1}{\376\377\230\230\166\356\221\315\217\360}{section.6}% 74
\BOOKMARK [2][-]{subsection.6.2}{\376\377\230\230\166\356\122\006\147\220\116\016\133\236\145\275\145\271\150\110}{section.6}% 75
\BOOKMARK [3][-]{subsubsection.6.2.1}{\376\377\173\054\116\000\225\356}{subsection.6.2}% 76
\BOOKMARK [3][-]{subsubsection.6.2.2}{\376\377\173\054\116\214\225\356}{subsection.6.2}% 77
\BOOKMARK [2][-]{subsection.6.3}{\376\377\164\006\213\272\122\006\147\220\116\016\116\377\167\037}{section.6}% 78
\BOOKMARK [3][-]{subsubsection.6.3.1}{\376\377\173\054\116\000\225\356}{subsection.6.3}% 79
\BOOKMARK [2][-]{subsection.6.4}{\376\377\133\236\226\105\165\065\215\357\155\113\213\325\176\323\147\234\116\016\145\160\143\156\122\006\147\220}{section.6}% 80
\BOOKMARK [3][-]{subsubsection.6.4.1}{\376\377\173\054\116\214\225\356}{subsection.6.4}% 81
\BOOKMARK [2][-]{subsection.6.5}{\376\377\176\323\213\272\116\016\145\066\203\267}{section.6}% 82
\BOOKMARK [3][-]{subsubsection.6.5.1}{\376\377\176\323\213\272}{subsection.6.5}% 83
\BOOKMARK [3][-]{subsubsection.6.5.2}{\376\377\145\066\203\267}{subsection.6.5}% 84
\BOOKMARK [1][-]{section.7}{\376\377\116\000\226\066\000R\000C\145\340\156\220\117\116\220\032\060\001\232\330\220\032\156\344\154\342\126\150}{}% 85
\BOOKMARK [2][-]{subsection.7.1}{\376\377\230\230\166\356\221\315\217\360}{section.7}% 86
\BOOKMARK [2][-]{subsection.7.2}{\376\377\230\230\166\356\122\006\147\220\116\016\133\236\145\275\145\271\150\110}{section.7}% 87
\BOOKMARK [3][-]{subsubsection.7.2.1}{\376\377\173\054\116\000\225\356}{subsection.7.2}% 88
\BOOKMARK [3][-]{subsubsection.7.2.2}{\376\377\173\054\116\214\225\356}{subsection.7.2}% 89
\BOOKMARK [3][-]{subsubsection.7.2.3}{\376\377\173\054\116\011\225\356}{subsection.7.2}% 90
\BOOKMARK [2][-]{subsection.7.3}{\376\377\164\006\213\272\122\006\147\220\116\016\116\377\167\037}{section.7}% 91
\BOOKMARK [3][-]{subsubsection.7.3.1}{\376\377\173\054\116\000\225\356}{subsection.7.3}% 92
\BOOKMARK [3][-]{subsubsection.7.3.2}{\376\377\173\054\116\214\225\356}{subsection.7.3}% 93
\BOOKMARK [2][-]{subsection.7.4}{\376\377\133\236\226\105\165\065\215\357\155\113\213\325\176\323\147\234\116\016\145\160\143\156\122\006\147\220}{section.7}% 94
\BOOKMARK [3][-]{subsubsection.7.4.1}{\376\377\173\054\116\000\225\356}{subsection.7.4}% 95
\BOOKMARK [3][-]{subsubsection.7.4.2}{\376\377\173\054\116\214\225\356}{subsection.7.4}% 96
\BOOKMARK [3][-]{subsubsection.7.4.3}{\376\377\173\054\116\011\225\356}{subsection.7.4}% 97
\BOOKMARK [2][-]{subsection.7.5}{\376\377\176\323\213\272\116\016\145\066\203\267}{section.7}% 98
\BOOKMARK [3][-]{subsubsection.7.5.1}{\376\377\176\323\213\272}{subsection.7.5}% 99
\BOOKMARK [3][-]{subsubsection.7.5.2}{\376\377\145\066\203\267}{subsection.7.5}% 100
\BOOKMARK [1][-]{section.8}{\376\377\124\014\166\370\116\000\226\066\147\011\156\220\232\330\220\032\060\001\117\116\220\032\156\344\154\342\126\150}{}% 101
\BOOKMARK [2][-]{subsection.8.1}{\376\377\230\230\166\356\221\315\217\360}{section.8}% 102
\BOOKMARK [2][-]{subsection.8.2}{\376\377\230\230\166\356\122\006\147\220\116\016\133\236\145\275\145\271\150\110}{section.8}% 103
\BOOKMARK [3][-]{subsubsection.8.2.1}{\376\377\173\054\116\000\225\356}{subsection.8.2}% 104
\BOOKMARK [3][-]{subsubsection.8.2.2}{\376\377\173\054\116\214\225\356}{subsection.8.2}% 105
\BOOKMARK [3][-]{subsubsection.8.2.3}{\376\377\173\054\116\011\225\356}{subsection.8.2}% 106
\BOOKMARK [3][-]{subsubsection.8.2.4}{\376\377\173\054\126\333\225\356}{subsection.8.2}% 107
\BOOKMARK [2][-]{subsection.8.3}{\376\377\164\006\213\272\122\006\147\220\116\016\116\377\167\037}{section.8}% 108
\BOOKMARK [3][-]{subsubsection.8.3.1}{\376\377\173\054\116\000\225\356}{subsection.8.3}% 109
\BOOKMARK [3][-]{subsubsection.8.3.2}{\376\377\173\054\116\214\225\356}{subsection.8.3}% 110
\BOOKMARK [3][-]{subsubsection.8.3.3}{\376\377\173\054\116\011\225\356}{subsection.8.3}% 111
\BOOKMARK [2][-]{subsection.8.4}{\376\377\133\236\226\105\165\065\215\357\155\113\213\325\176\323\147\234\116\016\145\160\143\156\122\006\147\220}{section.8}% 112
\BOOKMARK [3][-]{subsubsection.8.4.1}{\376\377\173\054\116\000\225\356}{subsection.8.4}% 113
\BOOKMARK [3][-]{subsubsection.8.4.2}{\376\377\173\054\116\214\225\356}{subsection.8.4}% 114
\BOOKMARK [3][-]{subsubsection.8.4.3}{\376\377\173\054\126\333\225\356}{subsection.8.4}% 115
\BOOKMARK [2][-]{subsection.8.5}{\376\377\176\323\213\272\116\016\145\066\203\267}{section.8}% 116
\BOOKMARK [3][-]{subsubsection.8.5.1}{\376\377\176\323\213\272}{subsection.8.5}% 117
\BOOKMARK [3][-]{subsubsection.8.5.2}{\376\377\145\066\203\267}{subsection.8.5}% 118
\BOOKMARK [1][-]{section.9}{\376\377\123\315\166\370\116\000\226\066\147\011\156\220\232\330\220\032\060\001\117\116\220\032\156\344\154\342\126\150}{}% 119
\BOOKMARK [2][-]{subsection.9.1}{\376\377\230\230\166\356\221\315\217\360}{section.9}% 120
\BOOKMARK [2][-]{subsection.9.2}{\376\377\230\230\166\356\122\006\147\220\116\016\133\236\145\275\145\271\150\110}{section.9}% 121
\BOOKMARK [3][-]{subsubsection.9.2.1}{\376\377\173\054\116\000\225\356}{subsection.9.2}% 122
\BOOKMARK [3][-]{subsubsection.9.2.2}{\376\377\173\054\116\214\225\356}{subsection.9.2}% 123
\BOOKMARK [3][-]{subsubsection.9.2.3}{\376\377\173\054\116\011\225\356}{subsection.9.2}% 124
\BOOKMARK [3][-]{subsubsection.9.2.4}{\376\377\173\054\126\333\225\356}{subsection.9.2}% 125
\BOOKMARK [2][-]{subsection.9.3}{\376\377\164\006\213\272\122\006\147\220\116\016\116\377\167\037}{section.9}% 126
\BOOKMARK [3][-]{subsubsection.9.3.1}{\376\377\173\054\116\000\225\356}{subsection.9.3}% 127
\BOOKMARK [3][-]{subsubsection.9.3.2}{\376\377\173\054\116\214\225\356}{subsection.9.3}% 128
\BOOKMARK [3][-]{subsubsection.9.3.3}{\376\377\173\054\126\333\225\356}{subsection.9.3}% 129
\BOOKMARK [2][-]{subsection.9.4}{\376\377\133\236\226\105\165\065\215\357\155\113\213\325\176\323\147\234\116\016\145\160\143\156\122\006\147\220}{section.9}% 130
\BOOKMARK [3][-]{subsubsection.9.4.1}{\376\377\173\054\116\214\225\356}{subsection.9.4}% 131
\BOOKMARK [3][-]{subsubsection.9.4.2}{\376\377\173\054\116\011\225\356}{subsection.9.4}% 132
\BOOKMARK [2][-]{subsection.9.5}{\376\377\176\323\213\272\116\016\145\066\203\267}{section.9}% 133
\BOOKMARK [3][-]{subsubsection.9.5.1}{\376\377\176\323\213\272}{subsection.9.5}% 134
\BOOKMARK [3][-]{subsubsection.9.5.2}{\376\377\145\066\203\267}{subsection.9.5}% 135
\BOOKMARK [1][-]{section.10}{\376\377\000S\000a\000l\000l\000e\000n\000-\000K\000e\000y\176\323\147\204\116\214\226\066\147\011\156\220\117\116\220\032\156\344\154\342\126\150\060\001\116\214\226\066\147\011\156\220\232\330\220\032\156\344\154\342\126\150}{}% 136
\BOOKMARK [2][-]{subsection.10.1}{\376\377\230\230\166\356\221\315\217\360}{section.10}% 137
\BOOKMARK [2][-]{subsection.10.2}{\376\377\230\230\166\356\122\006\147\220\116\016\133\236\145\275\145\271\150\110}{section.10}% 138
\BOOKMARK [3][-]{subsubsection.10.2.1}{\376\377\173\054\116\000\225\356}{subsection.10.2}% 139
\BOOKMARK [3][-]{subsubsection.10.2.2}{\376\377\173\054\116\214\225\356}{subsection.10.2}% 140
\BOOKMARK [3][-]{subsubsection.10.2.3}{\376\377\173\054\116\011\225\356}{subsection.10.2}% 141
\BOOKMARK [2][-]{subsection.10.3}{\376\377\164\006\213\272\122\006\147\220\116\016\116\377\167\037}{section.10}% 142
\BOOKMARK [3][-]{subsubsection.10.3.1}{\376\377\173\054\116\000\225\356}{subsection.10.3}% 143
\BOOKMARK [2][-]{subsection.10.4}{\376\377\133\236\226\105\165\065\215\357\155\113\213\325\176\323\147\234\116\016\145\160\143\156\122\006\147\220}{section.10}% 144
\BOOKMARK [3][-]{subsubsection.10.4.1}{\376\377\173\054\116\214\225\356}{subsection.10.4}% 145
\BOOKMARK [3][-]{subsubsection.10.4.2}{\376\377\173\054\116\011\225\356}{subsection.10.4}% 146
\BOOKMARK [2][-]{subsection.10.5}{\376\377\176\323\213\272\116\016\145\066\203\267}{section.10}% 147
\BOOKMARK [3][-]{subsubsection.10.5.1}{\376\377\176\323\213\272}{subsection.10.5}% 148
\BOOKMARK [3][-]{subsubsection.10.5.2}{\376\377\145\066\203\267}{subsection.10.5}% 149
\BOOKMARK [1][-]{section.11}{\376\377\145\340\156\220\136\046\220\032\156\344\154\342\126\150}{}% 150
\BOOKMARK [2][-]{subsection.11.1}{\376\377\230\230\166\356\221\315\217\360}{section.11}% 151
\BOOKMARK [2][-]{subsection.11.2}{\376\377\230\230\166\356\122\006\147\220\116\016\133\236\145\275\145\271\150\110}{section.11}% 152
\BOOKMARK [3][-]{subsubsection.11.2.1}{\376\377\173\054\116\000\225\356}{subsection.11.2}% 153
\BOOKMARK [3][-]{subsubsection.11.2.2}{\376\377\173\054\116\214\225\356}{subsection.11.2}% 154
\BOOKMARK [3][-]{subsubsection.11.2.3}{\376\377\173\054\116\011\225\356}{subsection.11.2}% 155
\BOOKMARK [2][-]{subsection.11.3}{\376\377\164\006\213\272\122\006\147\220\116\016\116\377\167\037}{section.11}% 156
\BOOKMARK [3][-]{subsubsection.11.3.1}{\376\377\173\054\116\000\225\356}{subsection.11.3}% 157
\BOOKMARK [2][-]{subsection.11.4}{\376\377\133\236\226\105\165\065\215\357\155\113\213\325\176\323\147\234\116\016\145\160\143\156\122\006\147\220}{section.11}% 158
\BOOKMARK [3][-]{subsubsection.11.4.1}{\376\377\173\054\116\214\225\356}{subsection.11.4}% 159
\BOOKMARK [3][-]{subsubsection.11.4.2}{\376\377\173\054\116\011\225\356}{subsection.11.4}% 160
\BOOKMARK [2][-]{subsection.11.5}{\376\377\176\323\213\272\116\016\145\066\203\267}{section.11}% 161
\BOOKMARK [3][-]{subsubsection.11.5.1}{\376\377\176\323\213\272}{subsection.11.5}% 162
\BOOKMARK [3][-]{subsubsection.11.5.2}{\376\377\145\066\203\267}{subsection.11.5}% 163
\BOOKMARK [1][-]{section.12}{\376\377\165\061\116\000\226\066\147\011\156\220\232\330\220\032\000-\117\116\220\032\156\344\154\342\126\150\147\204\142\020\166\204\116\214\226\066\147\011\156\220\136\046\220\032\156\344\154\342\126\150}{}% 164
\BOOKMARK [2][-]{subsection.12.1}{\376\377\230\230\166\356\221\315\217\360}{section.12}% 165
\BOOKMARK [2][-]{subsection.12.2}{\376\377\230\230\166\356\122\006\147\220\116\016\133\236\145\275\145\271\150\110}{section.12}% 166
\BOOKMARK [3][-]{subsubsection.12.2.1}{\376\377\173\054\116\000\225\356}{subsection.12.2}% 167
\BOOKMARK [3][-]{subsubsection.12.2.2}{\376\377\173\054\116\214\225\356}{subsection.12.2}% 168
\BOOKMARK [2][-]{subsection.12.3}{\376\377\164\006\213\272\122\006\147\220\116\016\116\377\167\037}{section.12}% 169
\BOOKMARK [3][-]{subsubsection.12.3.1}{\376\377\173\054\116\000\225\356}{subsection.12.3}% 170
\BOOKMARK [2][-]{subsection.12.4}{\376\377\133\236\226\105\165\065\215\357\155\113\213\325\176\323\147\234\116\016\145\160\143\156\122\006\147\220}{section.12}% 171
\BOOKMARK [3][-]{subsubsection.12.4.1}{\376\377\173\054\116\214\225\356}{subsection.12.4}% 172
\BOOKMARK [2][-]{subsection.12.5}{\376\377\176\323\213\272\116\016\145\066\203\267}{section.12}% 173
\BOOKMARK [3][-]{subsubsection.12.5.1}{\376\377\176\323\213\272}{subsection.12.5}% 174
\BOOKMARK [3][-]{subsubsection.12.5.2}{\376\377\145\066\203\267}{subsection.12.5}% 175
\BOOKMARK [1][-]{section.13}{\376\377\000S\000a\000l\000l\000e\000n\000-\000K\000e\000y\176\323\147\204\116\214\226\066\147\011\156\220\136\046\220\032\156\344\154\342\126\150}{}% 176
\BOOKMARK [2][-]{subsection.13.1}{\376\377\230\230\166\356\221\315\217\360}{section.13}% 177
\BOOKMARK [2][-]{subsection.13.2}{\376\377\230\230\166\356\122\006\147\220\116\016\133\236\145\275\145\271\150\110}{section.13}% 178
\BOOKMARK [3][-]{subsubsection.13.2.1}{\376\377\173\054\116\000\225\356}{subsection.13.2}% 179
\BOOKMARK [3][-]{subsubsection.13.2.2}{\376\377\173\054\116\214\225\356}{subsection.13.2}% 180
\BOOKMARK [2][-]{subsection.13.3}{\376\377\164\006\213\272\122\006\147\220\116\016\116\377\167\037}{section.13}% 181
\BOOKMARK [3][-]{subsubsection.13.3.1}{\376\377\173\054\116\000\225\356}{subsection.13.3}% 182
\BOOKMARK [2][-]{subsection.13.4}{\376\377\133\236\226\105\165\065\215\357\155\113\213\325\176\323\147\234\116\016\145\160\143\156\122\006\147\220}{section.13}% 183
\BOOKMARK [3][-]{subsubsection.13.4.1}{\376\377\173\054\116\214\225\356}{subsection.13.4}% 184
\BOOKMARK [2][-]{subsection.13.5}{\376\377\176\323\213\272\116\016\145\066\203\267}{section.13}% 185
\BOOKMARK [3][-]{subsubsection.13.5.1}{\376\377\176\323\213\272}{subsection.13.5}% 186
\BOOKMARK [3][-]{subsubsection.13.5.2}{\376\377\145\066\203\267}{subsection.13.5}% 187
\BOOKMARK [1][-]{section.14}{\376\377\000S\000a\000l\000l\000e\000n\000-\000K\000e\000y\176\323\147\204\116\214\226\066\147\011\156\220\136\046\226\073\156\344\154\342\126\150}{}% 188
\BOOKMARK [2][-]{subsection.14.1}{\376\377\230\230\166\356\221\315\217\360}{section.14}% 189
\BOOKMARK [2][-]{subsection.14.2}{\376\377\230\230\166\356\122\006\147\220\116\016\133\236\145\275\145\271\150\110}{section.14}% 190
\BOOKMARK [3][-]{subsubsection.14.2.1}{\376\377\173\054\116\000\225\356}{subsection.14.2}% 191
\BOOKMARK [3][-]{subsubsection.14.2.2}{\376\377\173\054\116\214\225\356}{subsection.14.2}% 192
\BOOKMARK [2][-]{subsection.14.3}{\376\377\164\006\213\272\122\006\147\220\116\016\116\377\167\037}{section.14}% 193
\BOOKMARK [3][-]{subsubsection.14.3.1}{\376\377\173\054\116\000\225\356}{subsection.14.3}% 194
\BOOKMARK [2][-]{subsection.14.4}{\376\377\133\236\226\105\165\065\215\357\155\113\213\325\176\323\147\234\116\016\145\160\143\156\122\006\147\220}{section.14}% 195
\BOOKMARK [3][-]{subsubsection.14.4.1}{\376\377\173\054\116\214\225\356}{subsection.14.4}% 196
\BOOKMARK [2][-]{subsection.14.5}{\376\377\176\323\213\272\116\016\145\066\203\267}{section.14}% 197
\BOOKMARK [1][-]{section.15}{\376\377\000M\000F\000B\176\323\147\204\116\214\226\066\147\011\156\220\136\046\220\032\156\344\154\342\126\150}{}% 198
\BOOKMARK [2][-]{subsection.15.1}{\376\377\230\230\166\356\221\315\217\360}{section.15}% 199
\BOOKMARK [2][-]{subsection.15.2}{\376\377\230\230\166\356\122\006\147\220\116\016\133\236\145\275\145\271\150\110}{section.15}% 200
\BOOKMARK [3][-]{subsubsection.15.2.1}{\376\377\173\054\116\000\225\356}{subsection.15.2}% 201
\BOOKMARK [2][-]{subsection.15.3}{\376\377\164\006\213\272\122\006\147\220\116\016\116\377\167\037}{section.15}% 202
\BOOKMARK [3][-]{subsubsection.15.3.1}{\376\377\173\054\116\000\225\356}{subsection.15.3}% 203
\BOOKMARK [2][-]{subsection.15.4}{\376\377\176\323\213\272\116\016\145\066\203\267}{section.15}% 204
\BOOKMARK [3][-]{subsubsection.15.4.1}{\376\377\176\323\213\272}{subsection.15.4}% 205
\BOOKMARK [3][-]{subsubsection.15.4.2}{\376\377\145\066\203\267}{subsection.15.4}% 206
\BOOKMARK [1][-]{section.16}{\376\377\000M\000F\000B\176\323\147\204\116\214\226\066\147\011\156\220\117\116\220\032\060\001\232\330\220\032\156\344\154\342\126\150}{}% 207
\BOOKMARK [2][-]{subsection.16.1}{\376\377\230\230\166\356\221\315\217\360}{section.16}% 208
\BOOKMARK [2][-]{subsection.16.2}{\376\377\230\230\166\356\122\006\147\220\116\016\133\236\145\275\145\271\150\110}{section.16}% 209
\BOOKMARK [3][-]{subsubsection.16.2.1}{\376\377\173\054\116\000\225\356}{subsection.16.2}% 210
\BOOKMARK [2][-]{subsection.16.3}{\376\377\164\006\213\272\122\006\147\220\116\016\116\377\167\037}{section.16}% 211
\BOOKMARK [3][-]{subsubsection.16.3.1}{\376\377\173\054\116\000\225\356}{subsection.16.3}% 212
\BOOKMARK [2][-]{subsection.16.4}{\376\377\176\323\213\272\116\016\145\066\203\267}{section.16}% 213
\BOOKMARK [1][-]{section.17}{\376\377\116\011\226\066\117\116\220\032\156\344\154\342\126\150}{}% 214
\BOOKMARK [2][-]{subsection.17.1}{\376\377\230\230\166\356\221\315\217\360}{section.17}% 215
\BOOKMARK [2][-]{subsection.17.2}{\376\377\230\230\166\356\122\006\147\220\116\016\133\236\145\275\145\271\150\110}{section.17}% 216
\BOOKMARK [3][-]{subsubsection.17.2.1}{\376\377\173\054\116\000\225\356}{subsection.17.2}% 217
\BOOKMARK [3][-]{subsubsection.17.2.2}{\376\377\173\054\116\214\225\356}{subsection.17.2}% 218
\BOOKMARK [2][-]{subsection.17.3}{\376\377\164\006\213\272\122\006\147\220\116\016\116\377\167\037}{section.17}% 219
\BOOKMARK [3][-]{subsubsection.17.3.1}{\376\377\173\054\116\000\225\356}{subsection.17.3}% 220
\BOOKMARK [2][-]{subsection.17.4}{\376\377\133\236\226\105\165\065\215\357\155\113\213\325\176\323\147\234\116\016\145\160\143\156\122\006\147\220}{section.17}% 221
\BOOKMARK [3][-]{subsubsection.17.4.1}{\376\377\173\054\116\214\225\356}{subsection.17.4}% 222
\BOOKMARK [2][-]{subsection.17.5}{\376\377\176\323\213\272\116\016\145\066\203\267}{section.17}% 223
\BOOKMARK [1][-]{section.18}{\376\377\126\333\226\066\117\116\220\032\156\344\154\342\126\150}{}% 224
\BOOKMARK [2][-]{subsection.18.1}{\376\377\230\230\166\356\221\315\217\360}{section.18}% 225
\BOOKMARK [2][-]{subsection.18.2}{\376\377\230\230\166\356\122\006\147\220\116\016\133\236\145\275\145\271\150\110}{section.18}% 226
\BOOKMARK [3][-]{subsubsection.18.2.1}{\376\377\173\054\116\000\225\356}{subsection.18.2}% 227
\BOOKMARK [3][-]{subsubsection.18.2.2}{\376\377\173\054\116\214\225\356}{subsection.18.2}% 228
\BOOKMARK [3][-]{subsubsection.18.2.3}{\376\377\173\054\116\011\225\356}{subsection.18.2}% 229
\BOOKMARK [2][-]{subsection.18.3}{\376\377\164\006\213\272\122\006\147\220\116\016\116\377\167\037}{section.18}% 230
\BOOKMARK [3][-]{subsubsection.18.3.1}{\376\377\173\054\116\000\225\356}{subsection.18.3}% 231
\BOOKMARK [2][-]{subsection.18.4}{\376\377\133\236\226\105\165\065\215\357\155\113\213\325\176\323\147\234\116\016\145\160\143\156\122\006\147\220}{section.18}% 232
\BOOKMARK [3][-]{subsubsection.18.4.1}{\376\377\173\054\116\214\225\356}{subsection.18.4}% 233
\BOOKMARK [3][-]{subsubsection.18.4.2}{\376\377\173\054\116\011\225\356}{subsection.18.4}% 234
\BOOKMARK [2][-]{subsection.18.5}{\376\377\176\323\213\272\116\016\145\066\203\267}{section.18}% 235
\BOOKMARK [1][-]{section.19}{\376\377\214\003\170\024\136\002\127\072\116\055\136\070\165\050\165\065\155\113\116\352\126\150\213\276\131\007}{}% 236
\BOOKMARK [2][-]{subsection.19.1}{\376\377\230\230\166\356\221\315\217\360}{section.19}% 237
\BOOKMARK [2][-]{subsection.19.2}{\376\377\230\230\166\356\122\006\147\220\116\016\133\236\145\275\145\271\150\110}{section.19}% 238
\BOOKMARK [3][-]{subsubsection.19.2.1}{\376\377\173\054\116\000\225\356}{subsection.19.2}% 239
\BOOKMARK [3][-]{subsubsection.19.2.2}{\376\377\173\054\116\214\225\356}{subsection.19.2}% 240
\BOOKMARK [3][-]{subsubsection.19.2.3}{\376\377\173\054\116\011\225\356}{subsection.19.2}% 241
\BOOKMARK [3][-]{subsubsection.19.2.4}{\376\377\173\054\126\333\225\356}{subsection.19.2}% 242
\BOOKMARK [2][-]{subsection.19.3}{\376\377\176\323\213\272\116\016\145\066\203\267}{section.19}% 243
