\BOOKMARK [1][-]{section.1}{\376\377\176\277\140\047\123\167\171\357}{}% 1
\BOOKMARK [2][-]{subsection.1.1}{\376\377\230\230\166\356}{section.1}% 2
\BOOKMARK [2][-]{subsection.1.2}{\376\377\122\006\147\220}{section.1}% 3
\BOOKMARK [2][-]{subsection.1.3}{\376\377\122\027\210\150\154\325\213\241\173\227}{section.1}% 4
\BOOKMARK [2][-]{subsection.1.4}{\376\377\116\343\170\001}{section.1}% 5
\BOOKMARK [2][-]{subsection.1.5}{\376\377\217\320\210\114\176\323\147\234}{section.1}% 6
\BOOKMARK [2][-]{subsection.1.6}{\376\377\176\323\213\272}{section.1}% 7
\BOOKMARK [1][-]{section.2}{\376\377\174\373\176\337\166\204\117\134\165\050}{}% 8
\BOOKMARK [2][-]{subsection.2.1}{\376\377\230\230\166\356}{section.2}% 9
\BOOKMARK [2][-]{subsection.2.2}{\376\377\122\006\147\220}{section.2}% 10
\BOOKMARK [2][-]{subsection.2.3}{\376\377\116\343\170\001}{section.2}% 11
\BOOKMARK [2][-]{subsection.2.4}{\376\377\217\320\210\114\176\323\147\234}{section.2}% 12
\BOOKMARK [2][-]{subsection.2.5}{\376\377\176\323\213\272}{section.2}% 13
\BOOKMARK [1][-]{section.3}{\376\377\137\252\163\257\123\167\171\357}{}% 14
\BOOKMARK [2][-]{subsection.3.1}{\376\377\230\230\166\356}{section.3}% 15
\BOOKMARK [2][-]{subsection.3.2}{\376\377\122\006\147\220}{section.3}% 16
\BOOKMARK [2][-]{subsection.3.3}{\376\377\116\343\170\001}{section.3}% 17
\BOOKMARK [2][-]{subsection.3.4}{\376\377\217\320\210\114\176\323\147\234}{section.3}% 18
\BOOKMARK [2][-]{subsection.3.5}{\376\377\176\323\213\272}{section.3}% 19
\BOOKMARK [1][-]{section.4}{\376\377\230\221\127\337\154\102\211\343\176\277\140\047\123\167\171\357}{}% 20
\BOOKMARK [2][-]{subsection.4.1}{\376\377\230\230\166\356}{section.4}% 21
\BOOKMARK [2][-]{subsection.4.2}{\376\377\122\006\147\220}{section.4}% 22
\BOOKMARK [2][-]{subsection.4.3}{\376\377\116\343\170\001}{section.4}% 23
\BOOKMARK [2][-]{subsection.4.4}{\376\377\217\320\210\114\176\323\147\234}{section.4}% 24
\BOOKMARK [2][-]{subsection.4.5}{\376\377\176\323\213\272}{section.4}% 25
\BOOKMARK [1][-]{section.5}{\376\377\232\214\213\301\145\366\127\337\221\307\150\067\133\232\164\006}{}% 26
\BOOKMARK [2][-]{subsection.5.1}{\376\377\230\230\166\356}{section.5}% 27
\BOOKMARK [2][-]{subsection.5.2}{\376\377\122\006\147\220}{section.5}% 28
\BOOKMARK [2][-]{subsection.5.3}{\376\377\116\343\170\001}{section.5}% 29
\BOOKMARK [2][-]{subsection.5.4}{\376\377\217\320\210\114\176\323\147\234}{section.5}% 30
\BOOKMARK [2][-]{subsection.5.5}{\376\377\176\323\213\272}{section.5}% 31
\BOOKMARK [1][-]{section.6}{\376\377\230\221\214\061\154\304\157\017\166\204\147\054\215\050}{}% 32
\BOOKMARK [2][-]{subsection.6.1}{\376\377\230\230\166\356}{section.6}% 33
\BOOKMARK [2][-]{subsection.6.2}{\376\377\116\343\170\001}{section.6}% 34
\BOOKMARK [2][-]{subsection.6.3}{\376\377\217\320\210\114\176\323\147\234}{section.6}% 35
\BOOKMARK [2][-]{subsection.6.4}{\376\377\176\323\213\272}{section.6}% 36
\BOOKMARK [3][-]{subsubsection.6.4.1}{\376\377\145\164\124\150\147\037\142\052\123\326\116\016\230\221\214\061\162\171\140\047}{subsection.6.4}% 37
\BOOKMARK [3][-]{subsubsection.6.4.2}{\376\377\227\136\145\164\124\150\147\037\142\052\123\326\116\016\230\221\214\061\154\304\157\017}{subsection.6.4}% 38
\BOOKMARK [1][-]{section.7}{\376\377\150\005\150\017\145\110\136\224}{}% 39
\BOOKMARK [2][-]{subsection.7.1}{\376\377\230\230\166\356}{section.7}% 40
\BOOKMARK [2][-]{subsection.7.2}{\376\377\116\343\170\001}{section.7}% 41
\BOOKMARK [2][-]{subsection.7.3}{\376\377\217\320\210\114\176\323\147\234}{section.7}% 42
\BOOKMARK [2][-]{subsection.7.4}{\376\377\176\323\213\272}{section.7}% 43
\BOOKMARK [3][-]{subsubsection.7.4.1}{\376\377\0001\0002\0008\160\271\221\307\150\067\377\014\0001\0002\0008\160\271\000F\000F\000T}{subsection.7.4}% 44
\BOOKMARK [3][-]{subsubsection.7.4.2}{\376\377\0001\0002\0008\160\271\221\307\150\067\210\145\226\366\201\363\0005\0001\0002\160\271\000F\000F\000T}{subsection.7.4}% 45
\BOOKMARK [3][-]{subsubsection.7.4.3}{\376\377\0005\0001\0002\160\271\221\307\150\067\377\014\0005\0001\0002\160\271\000F\000F\000T}{subsection.7.4}% 46
\BOOKMARK [1][-]{section.8}{\376\377\174\373\176\337\226\366\147\201\160\271\221\115\177\156}{}% 47
\BOOKMARK [2][-]{subsection.8.1}{\376\377\230\230\166\356}{section.8}% 48
\BOOKMARK [2][-]{subsection.8.2}{\376\377\122\006\147\220}{section.8}% 49
\BOOKMARK [2][-]{subsection.8.3}{\376\377\116\343\170\001}{section.8}% 50
\BOOKMARK [2][-]{subsection.8.4}{\376\377\217\320\210\114\176\323\147\234}{section.8}% 51
\BOOKMARK [2][-]{subsection.8.5}{\376\377\176\323\213\272}{section.8}% 52
\BOOKMARK [1][-]{section.9}{\376\377\172\227\121\375\145\160\153\324\217\203}{}% 53
\BOOKMARK [2][-]{subsection.9.1}{\376\377\230\230\166\356}{section.9}% 54
\BOOKMARK [2][-]{subsection.9.2}{\376\377\116\343\170\001}{section.9}% 55
\BOOKMARK [2][-]{subsection.9.3}{\376\377\217\320\210\114\176\323\147\234}{section.9}% 56
\BOOKMARK [2][-]{subsection.9.4}{\376\377\176\323\213\272}{section.9}% 57
\BOOKMARK [3][-]{subsubsection.9.4.1}{\376\377\167\351\137\142\172\227}{subsection.9.4}% 58
\BOOKMARK [3][-]{subsubsection.9.4.2}{\376\377\116\011\211\322\172\227}{subsection.9.4}% 59
\BOOKMARK [3][-]{subsubsection.9.4.3}{\376\377\154\111\133\201\172\227}{subsection.9.4}% 60
\BOOKMARK [3][-]{subsubsection.9.4.4}{\376\377\154\111\146\016\172\227}{subsection.9.4}% 61
\BOOKMARK [1][-]{section.10}{\376\377\156\344\154\342\126\150\213\276\213\241}{}% 62
\BOOKMARK [2][-]{subsection.10.1}{\376\377\230\230\166\356}{section.10}% 63
\BOOKMARK [2][-]{subsection.10.2}{\376\377\213\276\213\241\122\006\147\220}{section.10}% 64
\BOOKMARK [3][-]{subsubsection.10.2.1}{\376\377\152\041\142\337\117\116\220\032\156\344\154\342\126\150\213\276\213\241}{subsection.10.2}% 65
\BOOKMARK [3][-]{subsubsection.10.2.2}{\376\377\000I\000I\000R\145\160\133\127\117\116\220\032\156\344\154\342\126\150}{subsection.10.2}% 66
\BOOKMARK [3][-]{subsubsection.10.2.3}{\376\377\000F\000I\000R\145\160\133\127\117\116\220\032\156\344\154\342\126\150}{subsection.10.2}% 67
