\BOOKMARK [1][-]{section.1}{\376\377\176\352\213\272}{}% 1
\BOOKMARK [2][-]{subsection.1.1}{\376\377\201\021\165\065\173\200\217\360}{section.1}% 2
\BOOKMARK [3][-]{subsubsection.1.1.1}{\376\377\151\202\137\365}{subsection.1.1}% 3
\BOOKMARK [3][-]{subsubsection.1.1.2}{\376\377\136\224\165\050}{subsection.1.1}% 4
\BOOKMARK [3][-]{subsubsection.1.1.3}{\376\377\136\224\165\050\127\072\146\157}{subsection.1.1}% 5
\BOOKMARK [2][-]{subsection.1.2}{\376\377\201\021\165\065\166\204\117\052\217\371}{section.1}% 6
\BOOKMARK [2][-]{subsection.1.3}{\376\377\201\021\165\065\117\341\123\367\166\204\230\221\153\265\154\342}{section.1}% 7
\BOOKMARK [3][-]{subsubsection.1.3.1}{\376\377\000D\000e\000l\000t\000a\154\342}{subsection.1.3}% 8
\BOOKMARK [3][-]{subsubsection.1.3.2}{\376\377\000T\000h\000e\000t\000a\154\342}{subsection.1.3}% 9
\BOOKMARK [3][-]{subsubsection.1.3.3}{\376\377\000A\000l\000p\000h\000a\154\342}{subsection.1.3}% 10
\BOOKMARK [3][-]{subsubsection.1.3.4}{\376\377\000B\000e\000t\000a\154\342}{subsection.1.3}% 11
\BOOKMARK [3][-]{subsubsection.1.3.5}{\376\377\000G\000a\000m\000m\000a\154\342\040\014}{subsection.1.3}% 12
\BOOKMARK [1][-]{section.2}{\376\377\201\021\165\065\117\341\123\367\131\004\164\006\123\237\164\006}{}% 13
\BOOKMARK [2][-]{subsection.2.1}{\376\377\135\345\230\221\136\162\142\160\117\052\217\371\123\273\226\144\173\227\154\325}{section.2}% 14
\BOOKMARK [3][-]{subsubsection.2.1.1}{\376\377\201\352\220\002\136\224\156\344\154\342\126\150}{subsection.2.1}% 15
\BOOKMARK [3][-]{subsubsection.2.1.2}{\376\377\147\000\134\017\127\107\145\271\213\357\135\356\173\227\154\325}{subsection.2.1}% 16
\BOOKMARK [3][-]{subsubsection.2.1.3}{\376\377\135\345\230\221\136\162\142\160\155\210\226\144\173\227\154\325\213\276\213\241}{subsection.2.1}% 17
\BOOKMARK [2][-]{subsection.2.2}{\376\377\127\372\176\277\157\002\171\373\117\052\217\371\173\227\154\325}{section.2}% 18
\BOOKMARK [3][-]{subsubsection.2.2.1}{\376\377\000S\000a\000v\000i\000t\000z\000k\000y\000-\000G\000o\000l\000a\000y\156\344\154\342\126\150}{subsection.2.2}% 19
\BOOKMARK [2][-]{subsection.2.3}{\376\377\201\021\165\065\230\221\153\265\122\007\162\107\123\312\122\006\147\220\173\227\154\325}{section.2}% 20
\BOOKMARK [3][-]{subsubsection.2.3.1}{\376\377\134\017\154\342\123\330\143\142\123\237\164\006}{subsection.2.3}% 21
\BOOKMARK [3][-]{subsubsection.2.3.2}{\376\377\230\221\163\207\122\007\162\107\134\017\154\342\123\330\143\142}{subsection.2.3}% 22
\BOOKMARK [3][-]{subsubsection.2.3.3}{\376\377\145\366\230\221\127\337\122\006\147\220}{subsection.2.3}% 23
\BOOKMARK [1][-]{section.3}{\376\377\201\021\165\065\117\341\123\367\131\004\164\006\176\323\147\234\116\377\167\037}{}% 24
\BOOKMARK [2][-]{subsection.3.1}{\376\377\135\345\230\221\136\162\142\160\117\052\217\371\123\273\226\144\173\227\154\325\116\377\167\037}{section.3}% 25
\BOOKMARK [3][-]{subsubsection.3.1.1}{\376\377\173\227\154\325\133\236\163\260}{subsection.3.1}% 26
\BOOKMARK [3][-]{subsubsection.3.1.2}{\376\377\213\304\116\367\145\271\150\110}{subsection.3.1}% 27
\BOOKMARK [3][-]{subsubsection.3.1.3}{\376\377\145\110\147\234\133\371\153\324}{subsection.3.1}% 28
\BOOKMARK [2][-]{subsection.3.2}{\376\377\127\372\176\277\120\117\171\373\117\052\217\371\123\273\226\144\173\227\154\325\116\377\167\037}{section.3}% 29
\BOOKMARK [3][-]{subsubsection.3.2.1}{\376\377\173\227\154\325\133\236\163\260}{subsection.3.2}% 30
\BOOKMARK [3][-]{subsubsection.3.2.2}{\376\377\145\110\147\234\133\371\153\324}{subsection.3.2}% 31
\BOOKMARK [2][-]{subsection.3.3}{\376\377\201\021\165\065\230\221\153\265\122\007\162\107\116\377\167\037}{section.3}% 32
\BOOKMARK [1][-]{section.4}{\376\377\176\323\213\272\116\016\134\125\147\033}{}% 33
\BOOKMARK [2][-]{subsection.4.1}{\376\377\230\171\166\356\140\073\176\323}{section.4}% 34
\BOOKMARK [2][-]{subsection.4.2}{\376\377\147\052\147\145\134\125\147\033}{section.4}% 35
